exports[`<CurrencyWidget /> render() renders currency widget 1`] = `
<div>
  \"hi\"
</div>
`;
